Running with RISCV=/work/riscv
mkdir -p /work/chipyard/sims/verilator/output/chipyard.harness.TestHarness.Baseline4CoreConfig
if [ "/project/src/benchmarks/build/core2core.riscv" != "none" ] && [ ! -f "/project/src/benchmarks/build/core2core.riscv" ]; then printf "\n\nBinary /project/src/benchmarks/build/core2core.riscv not found\n\n"; exit 1; fi
(set -o pipefail &&  /work/chipyard/sims/verilator/simulator-chipyard.harness-Baseline4CoreConfig \
	+permissive \
	+dramsim +dramsim_ini_dir=/work/chipyard/generators/testchipip/src/main/resources/dramsim2_ini +max-cycles=200000000   +loadmem=/project/src/benchmarks/build/core2core.riscv  \
	+verbose \
	+permissive-off \
	/project/src/benchmarks/build/core2core.riscv \
	 \
	</dev/null 2> >(spike-dasm > /work/chipyard/sims/verilator/output/chipyard.harness.TestHarness.Baseline4CoreConfig/core2core.out) | tee /work/chipyard/sims/verilator/output/chipyard.harness.TestHarness.Baseline4CoreConfig/core2core.log)
[UART] UART0 is here (stdin/stdout).
c2c:0,1,108680
c2c:0,2,110002
c2c:0,3,110006
c2c:1,0,108680
c2c:1,2,110002
c2c:1,3,110005
c2c:2,0,108682
c2c:2,1,110001
c2c:2,3,110005
c2c:3,0,104522
c2c:3,1,108682
c2c:3,2,108682
CSV:core2core,4,1000,108680,0
- /work/chipyard/sims/verilator/generated-src/chipyard.harness.TestHarness.Baseline4CoreConfig/gen-collateral/TestDriver.v:158: Verilog $finish
