Running with RISCV=/work/riscv
mkdir -p /work/chipyard/sims/verilator/output/chipyard.harness.TestHarness.Baseline8CoreConfig
if [ "/project/src/benchmarks/build/core2core.riscv" != "none" ] && [ ! -f "/project/src/benchmarks/build/core2core.riscv" ]; then printf "\n\nBinary /project/src/benchmarks/build/core2core.riscv not found\n\n"; exit 1; fi
(set -o pipefail &&  /work/chipyard/sims/verilator/simulator-chipyard.harness-Baseline8CoreConfig \
	+permissive \
	+dramsim +dramsim_ini_dir=/work/chipyard/generators/testchipip/src/main/resources/dramsim2_ini +max-cycles=200000000   +loadmem=/project/src/benchmarks/build/core2core.riscv  \
	+verbose \
	+permissive-off \
	/project/src/benchmarks/build/core2core.riscv \
	 \
	</dev/null 2> >(spike-dasm > /work/chipyard/sims/verilator/output/chipyard.harness.TestHarness.Baseline8CoreConfig/core2core.out) | tee /work/chipyard/sims/verilator/output/chipyard.harness.TestHarness.Baseline8CoreConfig/core2core.log)
[UART] UART0 is here (stdin/stdout).
c2c:0,1,101000
c2c:0,2,101000
c2c:0,3,101000
c2c:0,4,101000
c2c:0,5,101000
c2c:0,6,101000
c2c:0,7,101000
c2c:1,0,101000
c2c:1,2,101000
c2c:1,3,101000
c2c:1,4,101000
c2c:1,5,101000
c2c:1,6,101000
c2c:1,7,101000
c2c:2,0,101000
c2c:2,1,101000
c2c:2,3,101000
c2c:2,4,101000
c2c:2,5,101000
c2c:2,6,101000
c2c:2,7,101000
c2c:3,0,101000
c2c:3,1,101000
c2c:3,2,101000
c2c:3,4,101000
c2c:3,5,101000
c2c:3,6,101000
c2c:3,7,101000
c2c:4,0,101000
c2c:4,1,101000
c2c:4,2,101000
c2c:4,3,101000
c2c:4,5,101000
c2c:4,6,101000
c2c:4,7,101000
c2c:5,0,101000
c2c:5,1,101000
c2c:5,2,101000
c2c:5,3,101000
c2c:5,4,101000
c2c:5,6,101000
c2c:5,7,101000
c2c:6,0,101000
c2c:6,1,101000
c2c:6,2,101000
c2c:6,3,101000
c2c:6,4,101000
c2c:6,5,101000
c2c:6,7,101000
c2c:7,0,101000
c2c:7,1,101000
c2c:7,2,101000
c2c:7,3,101000
c2c:7,4,101000
c2c:7,5,101000
c2c:7,6,101000
CSV:core2core,8,1000,101000,0
- /work/chipyard/sims/verilator/generated-src/chipyard.harness.TestHarness.Baseline8CoreConfig/gen-collateral/TestDriver.v:158: Verilog $finish
